/
/$web/index.html
/+CSCOE+/logon.html
/../.env
/.AWS/CREDENTIALS
/.AWS/credentials
/.AWS_/credentials
/.Aws/credentials
/.CONFIG.yaml
/.Config.yaml
/.DS_Store
/.ENV
/.ENV.EXAMPLE
/.ENV.example
/.Env
/.__info.php
/.aws-sdk/config.json
/.aws-sdk/credentials.json
/.aws/config
/.aws/config]
/.aws/credentials
/.boto
/.cache/.git/config
/.circleci/config.yml
/.circleci/configs/development.yml
/.cloudfoundry/config.json
/.config
/.config.yaml
/.config/.git/config
/.config/git/config
/.docker/laravel/app/.env
/.elasticbeanstalk/config.yml
/.env
/.env.BAK
/.env.EXAMPLE
/.env.backup
/.env.bak
/.env.cache
/.env.ci
/.env.config
/.env.debug
/.env.default
/.env.dev
/.env.dev.local
/.env.development
/.env.development.local
/.env.dist
/.env.docker
/.env.example
/.env.example.local
/.env.init
/.env.json
/.env.live
/.env.local
/.env.old
/.env.orig
/.env.override
/.env.php
/.env.preprod
/.env.private
/.env.prod
/.env.prod.local
/.env.production
/.env.production.local
/.env.qa
/.env.sample.php
/.env.sandbox
/.env.save
/.env.save.1
/.env.secret
/.env.secure
/.env.sendgrid
/.env.settings
/.env.stage
/.env.staging
/.env.staging.local
/.env.template
/.env.test
/.env.test.local
/.env.testing
/.env.testing.local
/.env.tmp
/.env.txt
/.env.uat
/.env.www
/.env_1
/.env_sample
/.envrc
/.env~
/.git
/.git/
/.git/COMMIT_EDITMSG
/.git/FETCH_HEAD
/.git/HEAD
/.git/ORIG_HEAD
/.git/config
/.git/config.lock
/.git/description
/.git/hooks/commit-msg
/.git/hooks/post-checkout
/.git/hooks/post-commit
/.git/hooks/post-update
/.git/hooks/pre-auto-gc
/.git/hooks/pre-commit
/.git/hooks/pre-push
/.git/hooks/pre-rebase
/.git/hooks/pre-receive
/.git/hooks/prepare-commit-msg
/.git/hooks/update
/.git/index
/.git/info/exclude
/.git/info/refs
/.git/logs/HEAD
/.git/logs/refs/heads/master
/.git/logs/refs/remotes/origin/HEAD
/.git/objects/
/.git/objects/info/
/.git/objects/info/packs
/.git/objects/pack/
/.git/packed-refs
/.git/refs/
/.git/refs/heads/
/.git/refs/heads/main
/.git/refs/heads/master
/.git/refs/remotes/
/.git/refs/remotes/origin/HEAD
/.git/refs/remotes/origin/main
/.git/refs/remotes/origin/master
/.git/refs/tags/
/.git/shallow
/.git/worktrees/*/config
/.gitattributes
/.github/workflows/aws.yml
/.gitignore
/.gitlab-ci.yml
/.gitlab-ci/.env
/.gitmodules
/.helm/values.yaml
/.idea/.git/config
/.info.php
/.json
/.kube/config
/.local
/.local/.git/config
/.mailmap
/.phpinfo
/.private/.git/config
/.production
/.remote
/.s3cfg
/.secrets
/.sendgrid/config
/.sendgrid/credentials
/.ssh/.git/config
/.ssh/id_ecdsa
/.ssh/id_ed25519
/.ssh/id_rsa
/.svn/wc.db
/.terraformrc
/.terragrunt
/.tfvars.json
/.travis.yml
/.vscode/.env
/.vscode/.git/config
/.vscode/sftp.json
/.well-known/about.php
/.well-known/pki-validation/about.php
/.well-known/pki-validation/cloud.php
/.well-known/security.txt
//.env
///wordpress/wp-admin/setup-config.php?step=1
///wp-admin/install.php?step=1
///wp-admin/setup-config.php?step=1
//2018/wp-includes/wlwmanifest.xml
//2019/wp-includes/wlwmanifest.xml
//2020/wp-includes/wlwmanifest.xml
//2021/wp-includes/wlwmanifest.xml
//admin/.env
//admin/vendor/phpunit/phpunit/src/Util/PHP/eval-stdin.php
//administrator/.env
//api/.env
//api/vendor/phpunit/phpunit/src/Util/PHP/eval-stdin.php
//app/.env
//apps/.env
//assets/.env
//backup/vendor/phpunit/phpunit/src/Util/PHP/eval-stdin.php
//blog/vendor/phpunit/phpunit/src/Util/PHP/eval-stdin.php
//blog/wp-includes/wlwmanifest.xml
//cms/vendor/phpunit/phpunit/src/Util/PHP/eval-stdin.php
//cms/wp-includes/wlwmanifest.xml
//config/.env
//core/.env
//core/Datavase/.env
//core/app/.env
//cron/.env
//cronlab/.env
//database/.env
//demo/vendor/phpunit/phpunit/src/Util/PHP/eval-stdin.php
//dev/vendor/phpunit/phpunit/src/Util/PHP/eval-stdin.php
//en/.env
//exapi/.env
//feed/
//lab/.env
//laravel/.env
//laravel/vendor/phpunit/phpunit/src/Util/PHP/eval-stdin.php
//lib/.env
//lib/phpunit/Util/PHP/eval-stdin.php
//lib/phpunit/phpunit/Util/PHP/eval-stdin.php
//lib/phpunit/phpunit/src/Util/PHP/eval-stdin.php
//lib/phpunit/src/Util/PHP/eval-stdin.php
//media/wp-includes/wlwmanifest.xml
//new/vendor/phpunit/phpunit/src/Util/PHP/eval-stdin.php
//news/wp-includes/wlwmanifest.xml
//numero.php
//old/vendor/phpunit/phpunit/src/Util/PHP/eval-stdin.php
//panel/vendor/phpunit/phpunit/src/Util/PHP/eval-stdin.php
//phpunit/Util/PHP/eval-stdin.php
//phpunit/phpunit/Util/PHP/eval-stdin.php
//phpunit/phpunit/src/Util/PHP/eval-stdin.php
//phpunit/src/Util/PHP/eval-stdin.php
//protected/vendor/phpunit/phpunit/src/Util/PHP/eval-stdin.php
//psnlink/.env
//public/.env
//saas/.env
//shop/wp-includes/wlwmanifest.xml
//site/.env
//site/wp-includes/wlwmanifest.xml
//sitemaps/.env
//sites/all/libraries/mailchimp/vendor/phpunit/phpunit/src/Util/PHP/eval-stdin.php
//sito/wp-includes/wlwmanifest.xml
//test/wp-includes/wlwmanifest.xml
//tools/.env
//uploads/.env
//v1/.env
//v2/.env
//vendor/.env
//vendor/phpunit/Util/PHP/eval-stdin.php
//vendor/phpunit/phpunit/Util/PHP/eval-stdin.php
//vendor/phpunit/phpunit/src/Util/PHP/eval-stdin.php
//vendor/phpunit/src/Util/PHP/eval-stdin.php
//web/.env
//web/wp-includes/wlwmanifest.xml
//website/wp-includes/wlwmanifest.xml
//wordpress/wp-admin/install.php?step=1
//wordpress/wp-admin/setup-config.php?step=1
//wordpress/wp-includes/wlwmanifest.xml
//wp-admin/install.php?step=1
//wp-admin/setup-config.php?step=1
//wp-content/plugins/cloudflare/vendor/phpunit/phpunit/src/Util/PHP/eval-stdin.php
//wp-content/plugins/dzs-videogallery/class_parts/vendor/phpunit/phpunit/src/Util/PHP/eval-stdin.php
//wp-content/plugins/jekyll-exporter/vendor/phpunit/phpunit/src/Util/PHP/eval-stdin.php
//wp-content/plugins/mm-plugin/inc/vendors/vendor/phpunit/phpunit/src/Util/PHP/eval-stdin.php
//wp-includes/ID3/license.txt
//wp-includes/wlwmanifest.xml
//wp/wp-includes/wlwmanifest.xml
//wp1/wp-includes/wlwmanifest.xml
//wp2/wp-includes/wlwmanifest.xml
//www/vendor/phpunit/phpunit/src/Util/PHP/eval-stdin.php
//xmlrpc.php?rsd
/0.0_phpinfo.php
/00_server_info.php
/02-info.php
/035/index.html
/1.html
/1.php
/1_1_PhpInfo.php
/1phpmyadmin/index.php?lang=en
/2019/wp-includes/wlwmanifest.xml
/2020/wp-includes/wlwmanifest.xml
/262LBNFp
/28kxhS
/2phpmyadmin/index.php?lang=en
/3/favicon.ico
/3496/
/3ds.php
/3ds1633693954432212
/3vt4yTCT
/403.php
/4gpzSvhY
/5fH7sTTJ
/5info.php
/5jshCV
/6bXX29bt
/7/
/7/js/common.js
/8/
/83036323
/91840123985010478187713
/9LBgkTzq
/9XgxmrM3
/9hs69
/?&utm_source=Rent5SBER
/?=PHPB8B5F2A0-3C92-11d3-A3A9-4C7B08C10000
/?=PHPE9568F36-D428-11d2-A769-00AA001ACF42
/?XDEBUG_SESSION_START=phpstorm
/?a
/?name=example.com&type=A
/?phpinfo=-1
/?phpinfo=1
/?rest_route=/reallysimplessl/v1/two_fa/skip_onboarding
/?rest_route=/wp/v2/users/
/?url=.env
/?utm_campaign=PB-SBERAN
/ADMIN/.env
/API/.env
/API/Web/chat.ashx
/APPLICATION/.env
/Account/Login
/Admin/.env
/AnMjSjfe87/policy/getVersion
/Api/.env
/Application/.env
/Autodiscover/Autodiscover.xml
/AwsConfig.json
/BACKEND/.env
/BNp8hDTk
/BSDLw5Mp
/Backend/.env
/BsbE
/CFIDE/componentutils/
/CMdTKBx3
/CONFIG/.env
/CORE/.env
/CP/.env
/CREDENTIALS
/CRM/.env
/Config/.env
/Content/favicon.ico
/Core/.env
/Cp/.env
/Credentials
/Crm/.env
/CtdJ76V
/Ctrls/GetSysCoin
/DATA/.env
/Data/.env
/Dev/.env
/FD873AC4-CF86-4FED-84EC-4BD59C6F17A7
/GJcjXsGY
/GetBalance/footboo
/HNAP1
/HNAP1/
/Home/Get/getJnd28
/Home/GetInitSource
/Home/Index/api
/IeUY
/Jenkinsfile
/KLFzmbdm
/Kd67Fq1x
/Lara/.env
/Laravel/.env
/MTGt
/MyAdmin/index.php?lang=en
/NWJs6k27
/Nmap/folder/check1740387360
/Nmap/folder/check1740895802
/Nmap/folder/check1741009206
/NmapUpperCheck1740387360
/NmapUpperCheck1740895802
/NmapUpperCheck1741009206
/Nx2e
/OA_HTML/AppsLocalLogin.jsp
/OdinHttpCall1740126304
/OdinHttpCall1740170804
/OdinHttpCall1740665674
/OdinHttpCall1740687497
/OdinHttpCall1741060111
/OdinHttpCall1741113308
/PMA/index.php?lang=en
/Pay_Index.html
/Portal/Portal.mwsl
/Portal0000.htm
/Public/H5/js/h5.js
/Public/Home/js/cls.js
/Public/Qts/Home/js/appAlert.js
/Public/Wchat/js/cvphp.js
/Public/home/common/js/index.js
/Public/home/js/check.js
/Public/home/js/fukuang.js
/Public/initJs.php
/Public/js/common.js
/RDWeb
/RDWeb/Pages/
/RDWeb/Pages/en-US/login.aspx
/RGVm
/Remote
/Remote/
/ReportServer
/Serve_time_server/.env
/Server_with_db/.env
/Simple_server/.env
/SiteLoader
/SnGU
/Socketio/.env
/Sources/API/.env
/SpotiApps/.env
/SrBkPK64
/SyhZkyvD
/Telerik.Web.UI.WebResource.axd?type=rau
/Template/Mobile/js/main.js
/Templates/user/js/global.js
/UIJt
/UjYD
/V2/vendor/phpunit/phpunit/src/Util/PHP/eval-stdin.php
/WKvD
/Web/js/v1/phone.js
/WebInterface/
/WuEL
/YRWnWHy7
/YWy6BPtM
/\x22/.env\x22,
/__Additional
/__MACOSX/.git/config
/__info.php
/__phpmyadmin/index.php?lang=en
/__tests__/test-become/.env
/_all_dbs
/_debug
/_debugbar
/_debugbar/open
/_ignition/execute-solution
/_info-backoffice.php
/_info.php
/_phpMyAdmin/index.php?lang=en
/_phpinf.php
/_phpinfo.php
/_phpmyadmin/index.php?lang=en
/_phpmyadmin_/index.php?lang=en
/_poopinfo.php
/_profiler
/_profiler/open
/_profiler/open?file=app/config/parameters.yml
/_profiler/phpinfo
/_profiler/phpinfo/info.php
/_profiler/phpinfo/phpinfo.php
/_vti_pvt/administrators.pwd
/_vti_pvt/authors.pwd
/_vti_pvt/service.pwd
/_wpeprivate/config.json
/a
/a/
/a/.git/config
/aa/.git/config
/aaa/.git/config
/aaa9
/aab8
/aab9
/ab2g
/ab2h
/abandoned/.git/config
/abc/.git/config
/about
/about.php
/about.php7
/account_domain.php
/acme/.env
/actuator/env
/actuator/gateway/routes
/actuator/health
/addons/fastim/
/admin
/admin-post.php
/admin.asp
/admin.aspx
/admin.cfm
/admin.cgi
/admin.html
/admin.jsp
/admin.php
/admin.pl
/admin.shtml
/admin/
/admin/.env
/admin/.git/config
/admin/appContent/staticImagePosition
/admin/config
/admin/config.php
/admin/config/web.php.1
/admin/config/web.php.backup
/admin/config/web.php.bak
/admin/config/web.php.dist
/admin/config/web.php.old
/admin/config/web.php.save
/admin/config/web.php.tmp
/admin/config/web.php.txt
/admin/controllers/merchant.js
/admin/controllers/partner.js
/admin/db/index.php?lang=en
/admin/index.php?lang=en
/admin/info.php
/admin/modules/framework/amp_conf/htdocs/admin/config.php
/admin/phpMyAdmin/index.php?lang=en
/admin/phpinfo.php
/admin/phpmyadmin/index.php?lang=en
/admin/pma/index.php?lang=en
/admin/server_info.php
/admin/settings
/admin/sqladmin/index.php?lang=en
/admin/sys_phpinfo.php
/admin/sysadmin/index.php?lang=en
/admin/vendor/phpunit/phpunit/src/Util/PHP/eval-stdin.php
/admin/web/index.php?lang=en
/admin/webadmin.php?mod=do&act=login
/admin_panel/.git/config
/admin_phpinfo.php
/admincontrol/sys_phpinfo.php
/admincp/.env
/adminer/.git/config
/adminfuns.php7
/administrator/PMA/index.php?lang=en
/administrator/admin/index.php?lang=en
/administrator/db/index.php?lang=en
/administrator/index.php
/administrator/manifests/files/joomla.xml
/administrator/phpMyAdmin/index.php?lang=en
/administrator/phpmyadmin/index.php?lang=en
/administrator/pma/index.php?lang=en
/administrator/web/index.php?lang=en
/adminphp.php
/adminphp.php/configuration.php
/ads.txt
/ajax
/ajax-actions.php
/ajax/allcoin_a/id/0?t=0.3782499195965951
/aktv/img/nyyh/chkjs.js
/alfa-rex.php7
/alfa-rex2.php7
/alfanew.php
/alfanew.php7
/alfanew2.php7
/alive.php
/allversions
/alpha/.env
/alpha/.git/config
/alt/.git/config
/amphtml/.git/config
/ansible/group_vars/all
/ansible/roles/aws/defaults/main.yml
/ansible/roles/aws/vars/main.yml
/ansible/vars/main.yml
/aomanalyzer/.git/config
/apache.php
/apache/i.php
/apache/info.php
/apache/phpinfo.php
/apache2.php
/api
/api/
/api/.env
/api/.git/config
/api/Business/
/api/Config/getShowConfig
/api/Event/basic
/api/Home/videoNew
/api/admin/.git/config
/api/admin/v1/.git/config
/api/admin/v2/.git/config
/api/admin/v3/.git/config
/api/admin/v4/.git/config
/api/api/exchangerateuserconfig!get.action
/api/app/indexList
/api/appVersion?mobile_system=2
/api/apps/config
/api/banner?appKey=bxefdn
/api/baseConfig
/api/c/a
/api/client/app/config.do
/api/client/update?arch=amd64&commit=08059e95dacafe0bf6e5782f8e2c8ec9cd8c5a17&os=windows
/api/common/config
/api/common/init
/api/common/menus?lang=zh-Hans
/api/config
/api/config.env
/api/config.js
/api/config.json
/api/config/config.yml
/api/currency/quotation_new
/api/front/index
/api/get_workerman_url
/api/im/v2/app/config
/api/index.php/v1/config/application?public=true
/api/index/config
/api/index/grailindex
/api/index/init
/api/index/productshow
/api/index/webconfig
/api/internal/.git/config
/api/keys.json
/api/message/webInfo
/api/notice
/api/objects/codes.php.save
/api/other/appSetting
/api/ping
/api/predict-whole-panel.do
/api/private/.git/config
/api/product/getPointStore
/api/public/?service=Home.getConfig
/api/server/version
/api/session/properties
/api/shared/.env
/api/shared/config.env
/api/shared/config/.env
/api/shared/config/config.env
/api/shares/hqStrList
/api/shop/getKF
/api/site/getInfo.do
/api/sonicos/auth
/api/sonicos/tfa
/api/src/.env
/api/system/notice/find
/api/system/systemConfigs/getCustomerServiceLink
/api/unSecurity/app/listAppVersionInfo
/api/uploads/apimap
/api/user/.git/config
/api/user/getconfig
/api/user/ismustmobile
/api/user/v1/.git/config
/api/user/v2/.git/config
/api/user/v3/.git/config
/api/user/v4/.git/config
/api/v/index/queryOfficePage?officeCode=customHomeLink
/api/v1/.git/config
/api/v1/check-version
/api/v1/config
/api/v1/pods
/api/v2/.env
/api/v2/.git/config
/api/v3/.git/config
/api/v4/.git/config
/api/vendor/phpunit/phpunit/src/Util/PHP/eval-stdin.php
/api/version
/api/vue/transaction/config
/api_keys/sendgrid_keys.json
/apikeys/.git/config
/apis/.env
/apis/config/config.js
/apis/controllers/users.js
/apis/globals
/app-ads.txt
/app.js
/app.py
/app/
/app/.env
/app/.git/config
/app/api/app/get_index
/app/config/.env
/app/config/.env.local
/app/config/.env.production
/app/config/.env.staging
/app/config/.git/config
/app/config/aws-credentials.yml
/app/config/aws.json
/app/config/aws.php
/app/config/aws.yml
/app/config/aws_ses.php
/app/config/aws_sns.php
/app/config/email.json
/app/config/email.php
/app/config/email.yml
/app/config/mail.json
/app/config/mail.php
/app/config/mail.yml
/app/config/parameters.yml
/app/config/smtp.json
/app/config/smtp.yml
/app/dev/.git/config
/app/frontend/.git/config
/app/js/base.js
/app/resources/.git/config
/app/settings/base.php.1
/app/settings/base.php.backup
/app/settings/base.php.bak
/app/settings/base.php.dist
/app/settings/base.php.old
/app/settings/base.php.save
/app/settings/base.php.tmp
/app/settings/base.php.txt
/app/static/js/download.js
/app/vendor/phpunit/phpunit/src/Util/PHP/eval-stdin.php
/app_dev.php/_profiler/open?file=app/config/parameters.yml
/app_dev.php/_profiler/phpinfo
/application.properties
/application.yml
/application/.env
/application/.git/config
/apps/.env
/apps/vendor/phpunit/phpunit/src/Util/PHP/eval-stdin.php
/apps/zxtm/login.cgi
/appsettings.Production.json
/appsettings.json
/appsync/config.json
/appxz/index.html
/artisan
/aspera/faspex/
/assets../.git/config
/assets/.env
/assets/.git/config
/assets/app-manifest.json
/assets/checkout/payOrderSimpfilied.min.js
/assets/credentials.json
/assets/index-f6b3dbdc.js
/assets/js/chat.js
/assets/js/main.js
/assets/res/mods/room.js
/audio/.env
/auth.html
/auth/.env
/auth/.git/config
/auth1.html
/autodiscover/autodiscover.json?@zdi/Powershell
/avaa.php
/aws-batch/job-config.json
/aws-config.ini
/aws-config.json
/aws-config.yml
/aws-cpp-sdk-config.json
/aws-credentials.json
/aws-eks/cluster-config.yaml
/aws-glue/config.json
/aws-go-sdk-config.json
/aws-java-sdk-config.xml
/aws-js-sdk-config.json
/aws-php-sdk-config.json
/aws-python-sdk-config.json
/aws-ruby-sdk-config.yml
/aws-sdk/config
/aws-sdk/config.json
/aws-sdk/credentials.json
/aws-secret.yaml
/aws-secrets.json
/aws-secrets.yml
/aws-ses/.env
/aws-sns/.env
/aws.config.js
/aws.env
/aws.json
/aws.yml
/aws/api-gateway-config.json
/aws/athena-config.json
/aws/autoscaling-config.json
/aws/aws_secrets.txt
/aws/cloudwatch-config.json
/aws/codedeploy-config.json
/aws/codepipeline-config.json
/aws/cognito-config.json
/aws/config
/aws/config.ini
/aws/config.json
/aws/config/aws-credentials.json
/aws/config/secrets/aws-credentials.ini
/aws/credentials
/aws/credentials.csv
/aws/credentials.dev.ini
/aws/credentials.ini
/aws/credentials.json
/aws/credentials.prod.ini
/aws/credentials.staging.ini
/aws/credentials.xml
/aws/credentials.yaml
/aws/credentials.yml
/aws/credentials/api-keys.json
/aws/credentials/aws-credentials.json
/aws/dynamodb-config.json
/aws/ec2credentials.json
/aws/elb-config.json
/aws/env.config
/aws/kinesis-config.json
/aws/lambda-config.json
/aws/neptune-config.json
/aws/quickstart-config.json
/aws/rds-config.json
/aws/redshift-config.json
/aws/route53-config.json
/aws/s3-bucket-policy.json
/aws/s3-config.json
/aws/s3credentials.json
/aws/secrets.json
/aws/secrets/aws-credentials.yaml
/aws/ses-config.json
/aws/ses/credentials.ini
/aws/ses/credentials.yml
/aws/ses_config.json
/aws/sns-config.json
/aws/sns/credentials.ini
/aws/sns/credentials.yml
/aws/sns_config.json
/aws/sqs-config.json
/aws/vpc-config.json
/aws_keys.ini
/aws_keys.yml
/awscdk.json
/awscli.ini
/awsconfig.json
/awstats/.env
/ay-1.html
/azure-pipelines.yml
/azure/credentials.json
/back/.env
/backend/.env
/backend/.git/config
/backend/config
/backend/config/default.yml
/backend/config/development.yml
/backend/config/settings.yml
/backend/phpinfo.php
/backend/src/.env
/backend/web/phpinfo.php
/backup.sql
/backup.tar.gz
/backup.zip
/backup/.env
/backup/.git/config
/backup/config.yml
/backup/database.yml
/backup/sendgrid.json
/backup/sendgrid_config
/backup/sendgrid_keys
/backup/sendgrid_keys.json
/backup/vendor/phpunit/phpunit/src/Util/PHP/eval-stdin.php
/backup/wp-admin/install.php
/banner.do?code=1
/base.cgi
/base.jhtml
/base.jsa
/base.jsp
/base.php
/base.pl
/base.shtml
/base_dir/.env
/basic-network/.env
/bbcplay/bbclive.m3u8
/beanstalk/config.yml
/berlin.php
/beta/.env
/beta/.git/config
/bin/.git/config
/bin/aws-ses
/bin/aws-sns
/bitbucket-pipelines.yml
/biz/server/config
/blog/.git/config
/blog/vendor/phpunit/phpunit/src/Util/PHP/eval-stdin.php
/blog/wp-admin/install.php
/blog/wp-admin/install.php?step=1&language=en_GB
/blog/wp-admin/setup-config.php?step=1&language=en_GB
/blog/wp-content/themes/.git/config
/blog/wp-includes/wlwmanifest.xml
/blog/xmlrpc.php
/blogs/.env
/boaform/admin/formLogin
/boaform/admin/formLogin?username=admin&psd=admin
/boaform/admin/formLogin?username=adminisp&psd=adminisp
/boaform/admin/formLogin?username=ec8&psd=ec8
/boaform/admin/formLogin?username=user&psd=user
/boot/.env
/bootstrap/.git/config
/bootstrap/cache/config.php
/bot/.env
/build.php
/build/.env
/build/.git/config
/build_tool/.git/config
/burtphpinfo.php
/c/
/cabinet
/cache-compat.php
/cache.php
/cache/.git/config
/capistrano/aws.rb
/cdk.context.json
/cdk.json
/cdn-cgi/trace
/cdn-cgi/trace/cdn-cgi/trace
/cdn/.git/config
/certs/.git/config
/cf_scripts/scripts/ajax/ckeditor/ckeditor.js
/cfg/.git/config
/cgi-bin/about.php
/cgi-bin/authLogin.cgi
/cgi-bin/cloud.php
/cgi-bin/config.exp
/cgi-bin/info.cgi
/cgi-bin/luci/;stok=/locale
/cgi-bin/main.pl
/cgi-bin/param.cgi?get_device_conf
/cgi-bin/phpinfo.php
/cgi-bin/welcome
/chat/home
/checkout-dashboard
/chef/data_bags/aws_keys.json
/ci/.git/config
/ci/cd/.git/config
/ciod/cnfig/setinf
/circle.yml
/classified/.git/config
/cli/aws_ses.env
/cli/aws_sns.env
/client/.env
/client/.git/config
/client/api/findConfigByKey?configKey=level_config
/client_secrets.json
/cloud-config.yml
/cloud.php
/cloud/Scraper.js
/cloudformation/config.yaml
/cloudsearch/config.json
/cloudtrail/audit-config.json
/club/.env
/cluster/list.query
/cms/.env
/cms/.env.prod
/cms/.env.production
/cms/.git/config
/cms/vendor/phpunit/phpunit/src/Util/PHP/eval-stdin.php
/cms/wp-admin/install.php
/cms/wp-includes/wlwmanifest.xml
/code1.html
/common/.git/config
/common/member/js/user.util.js
/components/.env
/composer.json
/composer.lock
/conf.js
/conf.json
/conf/.env
/conf/.git/config
/config
/config.bak
/config.development.json
/config.env
/config.ini
/config.js
/config.json
/config.old
/config.php
/config.production.json
/config.staging.json
/config.xml
/config.yaml
/config.yml
/config/.env
/config/.env.local
/config/.env.production
/config/.env.staging
/config/.git/config
/config/app.json
/config/app.php
/config/app.yml
/config/application.yml
/config/autoload/global.php.1
/config/autoload/global.php.backup
/config/autoload/global.php.bak
/config/autoload/global.php.dist
/config/autoload/global.php.old
/config/autoload/global.php.save
/config/autoload/global.php.tmp
/config/autoload/global.php.txt
/config/autoload/local.php.1
/config/autoload/local.php.backup
/config/autoload/local.php.bak
/config/autoload/local.php.dist
/config/autoload/local.php.old
/config/autoload/local.php.save
/config/autoload/local.php.tmp
/config/autoload/local.php.txt
/config/aws-config.json
/config/aws-credentials.ini
/config/aws-credentials.json
/config/aws-credentials.yaml
/config/aws-ses-credentials.json
/config/aws-ses.json
/config/aws-sns-credentials.json
/config/aws-sns.json
/config/aws.json
/config/aws.php
/config/aws.yml
/config/aws/aws_credentials.csv
/config/aws/credentials.env
/config/aws/keys.json
/config/aws/secrets.json
/config/aws_ses.ini
/config/aws_ses.php
/config/aws_sns.ini
/config/aws_sns.php
/config/azure.json
/config/azure.php
/config/azure.yml
/config/backup/config.php.1
/config/backup/config.php.backup
/config/backup/config.php.bak
/config/backup/config.php.dist
/config/backup/config.php.old
/config/backup/config.php.save
/config/backup/config.php.tmp
/config/backup/config.php.txt
/config/backup/database.php.1
/config/backup/database.php.backup
/config/backup/database.php.bak
/config/backup/database.php.dist
/config/backup/database.php.old
/config/backup/database.php.save
/config/backup/database.php.tmp
/config/backup/database.php.txt
/config/bundles.php
/config/cache.php
/config/config.json
/config/config.php
/config/config.yml
/config/constants.js
/config/controller.js
/config/credentials/aws_credentials.json
/config/database.json
/config/database.php
/config/database.yml
/config/database/connections.php.1
/config/database/connections.php.backup
/config/database/connections.php.bak
/config/database/connections.php.dist
/config/database/connections.php.old
/config/database/connections.php.save
/config/database/connections.php.tmp
/config/database/connections.php.txt
/config/default.json
/config/dev.yml
/config/digitalocean.json
/config/digitalocean.php
/config/digitalocean.yml
/config/env/local.php.backup
/config/env/local.php.bak
/config/env/local.php.dist
/config/env/local.php.old
/config/env/local.php.save
/config/env/local.php.tmp
/config/env/local.php.txt
/config/env/production.php.1
/config/env/production.php.backup
/config/env/production.php.bak
/config/env/production.php.dist
/config/env/production.php.old
/config/env/production.php.save
/config/env/production.php.tmp
/config/env/production.php.txt
/config/env/sendgrid.env
/config/env/sendgrid_keys.env
/config/env/staging.php.1
/config/google-cloud.json
/config/google-cloud.php
/config/google-cloud.yml
/config/heroku.json
/config/heroku.php
/config/heroku.yml
/config/jwt/private.pem
/config/jwt/public.pem
/config/linode.yml
/config/local.yml
/config/packages/api_platform.yaml
/config/packages/doctrine.yaml
/config/packages/framework.yaml
/config/packages/security.yaml
/config/packages/sendgrid.yaml
/config/packages/twig.yaml
/config/parameters.php
/config/parameters.yml
/config/private/sendgrid_keys.json
/config/prod.yml
/config/production.json
/config/secrets.yml
/config/secrets/aws-config.json
/config/secrets/aws-credentials.json
/config/secrets/aws-keys.json
/config/secrets/aws-secrets.json
/config/secrets/credentials.json
/config/secrets/dev/sendgrid_keys.json
/config/secrets/keys.json
/config/secrets/prod/sendgrid_keys.json
/config/secure/site.php.1
/config/secure/site.php.backup
/config/secure/site.php.bak
/config/secure/site.php.dist
/config/secure/site.php.old
/config/secure/site.php.save
/config/secure/site.php.tmp
/config/secure/site.php.txt
/config/security.php.1
/config/security.php.backup
/config/security.php.bak
/config/security.php.dist
/config/security.php.old
/config/security.php.save
/config/security.php.tmp
/config/security.php.txt
/config/sendgrid.js
/config/sendgrid.json
/config/sendgrid.php
/config/sendgrid.py
/config/sendgrid_config.json
/config/sendgrid_keys.json
/config/services.yaml
/config/settings.json
/config/settings.local
/config/settings.prod
/config/settings/sendgrid_config.json
/config/settings/sendgrid_keys.json
/config/storage.yml
/config_files/.git/config
/configs/.git/config
/configs/routes-4aug.js
/configs/routes.js
/configs/s3_config.json
/configuration/.env
/configurations/.env
/confirmar?id=NOVOBANCO
/confluence/rest/applinks/1.0/manifest
/confs/.git/config
/console
/console/
/contact
/containers/json
/content/.env
/content/.git/config
/controller/admin/post.js
/controller/api/post.js
/controllers/.env
/controllers/settings.js
/core-cloud-config.yml
/core/.env
/core/.git/config
/core/app/.env
/core/config/.git/config
/core/config/production/database.php.1
/core/config/production/database.php.backup
/core/config/production/database.php.bak
/core/config/production/database.php.dist
/core/config/production/database.php.old
/core/config/production/database.php.save
/core/database/.env
/counterwallet/.env
/cp/.env
/cpanel/.git/config
/cpresources/.env
/credentials
/credentials.json
/credentials/.git/config
/credentials/config.json
/crm/.env
/crm/.git/config
/crm/vendor/phpunit/phpunit/src/Util/PHP/eval-stdin.php
/cron/.env
/cron/aws_ses.env
/cron/aws_sns.env
/crossdomain/.git/config
/csrf/.git/config
/css/.git/config
/css/cloud.php
/cx_platform/conf.json
/d2oW
/dana-cached/hc/HostCheckerInstaller.osx
/dana-na/auth/url_default/welcome.cgi
/dana-na/nc/nc_gina_ver.txt
/dashboard/.git/config
/dashboard/i.php
/dashboard/info.php
/dashboard/phpinfo.php
/dashboard/test.php
/data/.env
/data/.git/config
/data/aws/ses.env
/data/aws/sns.env
/data/config/.git/config
/data/json/config.json
/data/private/.git/config
/data/processing/.git/config
/data/staging/.git/config
/database-config.json
/database.bak
/database.old
/database.sql
/database/.git/config
/database/index.php?lang=en
/database/migrations
/database/seeds/DatabaseSeeder.php
/db.json
/db/.git/config
/db/db-admin/index.php?lang=en
/db/dbadmin/index.php?lang=en
/db/dbweb/index.php?lang=en
/db/index.php?lang=en
/db/myadmin/index.php?lang=en
/db/phpMyAdmin-3/index.php?lang=en
/db/phpMyAdmin-4/index.php?lang=en
/db/phpMyAdmin-5/index.php?lang=en
/db/phpMyAdmin/index.php?lang=en
/db/phpMyAdmin3/index.php?lang=en
/db/phpmyadmin/index.php?lang=en
/db/phpmyadmin3/index.php?lang=en
/db/phpmyadmin4/index.php?lang=en
/db/phpmyadmin5/index.php?lang=en
/db/robomongo.json
/db/webadmin/index.php?lang=en
/db/webdb/index.php?lang=en
/db/websql/index.php?lang=en
/dbadmin/index.php?lang=en
/ddoo_im/
/debug.php
/debug/.git/config
/debug/default/view
/debug/default/view.html
/debug/default/view?panel=config
/default.jsa
/default.pl
/demo/.env
/demo/.git/config
/demo/vendor/phpunit/phpunit/src/Util/PHP/eval-stdin.php
/dep.php
/deploy.php
/deploy/.env
/deploy/.git/config
/deployment-config.json
/dev.php
/dev/.env
/dev/.git/config
/dev/backup/.git/config
/developer.php
/developer/.env
/developer/.git/config
/development/.env
/devops/.git/config
/devs.php
/dist/index.html
/doc/.env
/doc/.git/config
/docker-compose.prod.yml
/docker-compose.yml
/docker/.env
/docker/.git/config
/docker/app/.env
/docs/.env
/docs/.git/config
/docs/cplugError.html/
/download/.env
/download/file.ext
/downloads/.env
/dropdown.php
/druid/index.html
/dsxs/
/dump.rdb
/dump.sql
/dump/.git/config
/dup-installer/main.installer.php
/dwcc/cnfig/setinf
/dwcc/configxLxn/inxfx
/dwztdbhG
/ebs.php7
/ecp/Current/exporttool/microsoft.exchange.ediscovery.exporttool.application
/eids.js
/elmah.axd
/elmah/
/email/.env
/empresas
/env
/env.backup
/env.json
/env.template
/env.txt
/env/.env
/env/.git/config
/env/example/.env
/env_file_example.env
/env_variables.env
/enviroments/.env
/enviroments/.env.production
/environment
/error-log
/error.php
/errors/.git/config
/etc/.env
/etc/aws-config/aws_credentials.conf
/etc/aws-config/credentials.yml
/etc/aws/credentials.conf
/etc/aws/credentials.ini
/etc/aws/credentials.yaml
/etc/aws/secrets/aws_secrets.ini
/etc/aws/ses.conf
/etc/aws/ses.ini
/etc/aws/sns.conf
/etc/aws/sns.ini
/etc/cron.d/aws-ses
/etc/cron.d/aws-sns
/etc/exim4/exim4.conf
/etc/gitconfig
/etc/mail.rc
/etc/mail/sendmail.cf
/etc/mail/sendmail.mc
/etc/mailname
/etc/msmtprc
/etc/postfix/aliases
/etc/postfix/body_checks
/etc/postfix/header_checks
/etc/postfix/main.cf
/etc/postfix/master.cf
/etc/postfix/relay_domains
/etc/postfix/sasl_passwd
/etc/postfix/sender_restrictions
/etc/postfix/smtp_sasl_password_maps
/etc/postfix/tls_policy
/etc/postfix/transport
/etc/postfix/virtual
/etc/shadow
/etc/ssl/private/server.key
/etc/ssmtp/ssmtp.conf
/evox/about
/examples/drupal-separate-services/.env
/exapi/.env
/ext-js/app/common/zld_product_spec.js
/extension/.env
/f/user/index
/facebook/facebook.html
/favicon.ico
/fePublicInfo/
/fedex/.env
/feed
/filemanager/php/connector.minimal.php
/filemanager/php/connector.php
/files/.git/config
/files/pub_rem.js
/fixtures/fiber-debugger/.env
/flock/.git/config
/fog/management/index.php?node=client&sub=logininfo
/forerest/user/custSrv/findOne
/form.html
/fpyB8SZ3
/framework/.git/config
/friendGroup/list
/front/src/.env
/frontend/.git/config
/frontend/web/debug/default/view
/frontend_dev.php/$
/function/.env
/functions/.env
/gaocc/g445g
/gateway/.git/config
/gatsby-config.js
/geapi/webConfig
/geoip/
/geoip/geoip.inc
/geoserver
/geoserver/
/geoserver/index.html
/geoserver/web/
/geoserver/web/wicket/bookmarkable/org.geoserver.web.AboutGeoServerPage
/getConfig/getArticle.do?code=1
/getConfig/listPopFrame.do?code=1&position=index&_=1601489645097
/getLocale
/getcfg.php
/getcpuutil.php-bakworking
/git/.git/config
/github/workflows/aws.yml
/gitlab/.git/config
/global-protect/login.esp
/gpLFR5sr
/gradle.properties
/grunt-aws.json
/gulp-aws.json
/h5
/h5/
/helpdesk/WebObjects/Helpdesk.woa
/helper.js
/helper/EmailHelper.js
/helpers/utility.js
/hidden/.git/config
/home.asp
/home.html
/home.php
/home.pl
/home/*/.aws/config
/home/*/.aws/credentials
/home/.git/config
/home/help
/home/index
/home/index.html
/home/index/getConfig
/home/realtime/data
/home/user/.config/msmtp/config
/home/user/.fetchmailrc
/home/user/.forward
/home/user/.mailrc
/home/user/.msmtprc
/home/user/.muttrc
/home/user/.procmailrc
/homes/
/hook/.git/config
/hooks/.git/config
/html/.env
/html/phpinfo.php
/hudson
/human.aspx?arg12=infotech
/humans.txt
/identity
/iexchange/webtrader/
/im/
/im/App/config
/im/h5/
/image/.git/config
/imei/
/img/about.php
/img/cloud.php
/img/nyyh/chkjs.js
/in.php
/inc/.env
/include/.env
/includes/.git/config
/index.cfm
/index.cgi
/index.htm
/index.html
/index.js
/index.jsp
/index.php
/index.php/Wap/Api/getBanner
/index.php/sign
/index.php?lang=../../../../../../../../tmp/index1
/index.php?lang=../../../../../../../../usr/local/lib/php/pearcmd&+config-create+/&/<?echo(md5(\x22hi\x22));?>+/tmp/index1.php
/index.php?lang=en
/index.php?m=api&c=app&a=getPlatformConfig
/index.php?s=/index/\x5Cthink\x5Capp/invokefunction&function=call_user_func_array&vars[0]=md5&vars[1][]=Hello
/index/api/getweb
/index/aurl
/index/home/login.html
/index/index/ajaxindexpro
/index/index/getchatLog
/index/index/home?business_id=1
/index/index/info?type=ultimate&date=2
/index/login
/index/login/index
/index/login/register
/index/police/index.html?agent=1000
/index/user/register
/index1.php
/index_files/bankCheck.js
/index_files/xzjs.js
/indice.asp
/indice.cfm
/indice.cgi
/indice.html
/indice.jhtml
/indice.pl
/inf.php
/inf/
/infe/rest/fig/advertise/common.json?mobile_open=1
/info
/info.asp
/info.php
/info/
/info1.php
/info2.php
/info3.php
/info4.php
/infophp.php
/infos.php
/infos/
/infra/.git/config
/ini.php
/inicio.html
/inicio.pl
/install/.git/config
/installer.php
/instance/sendgrid_keys.py
/int/.git/config
/integration/.git/config
/internal/.git/config
/internal_forms_authentication
/isadmin.php
/j26HRfdD
/javascript/.env
/jenkins/aws-credentials.xml
/jo.php
/jquery-3.3.1.min.js
/js/.env
/js/.git/config
/js/NewWindow_2_all.js
/js/a.script
/js/app.js
/js/base1.js
/js/home.js
/js/index.js
/js/main.js
/js/nsc/main.js
/js/post.js/
/js/twint_ch.js
/js/xz.js
/json/.git/config
/jym-wn/
/k8s/.git/config
/kMTP
/kXMGtQpC
/karma.conf.json
/keys/api.key
/keys/private.key
/keys/public.key
/keys/sendgrid_keys.json
/kline/1m/1
/km.asmx/getPlatParam
/kubernetes/.git/config
/kubernetes/aws-secrets.yml
/kubernetes/config
/kubernetes/credentials
/kubernetes/secrets.yml
/kyc/.env
/lander/sber-fix/
/lander/sber/
/lander/sberchat5v4_tds_newcrm_017-ec_register-_1730370309/index.php
/lander/sberchat5v4_tds_newcrm_017-ec_register-_1732091122/index.php
/lander/sberchat5v4_tds_newcrm_028-vnutr/index.php
/lander/sberchat5v4_tds_newcrm_038-vnutr_1721815245/index.php
/lander/sberquiz-2223-3
/lander/testsberv4-copy--1/
/lang.js
/language/en-GB/en-GB.xml
/lara/info.php
/lara/phpinfo.php
/laravel/.env
/laravel/.env.local
/laravel/.env.production
/laravel/.env.staging
/laravel/core/.env
/laravel/core/.env.local
/laravel/core/.env.production
/laravel/core/.env.staging
/laravel/info.php
/laravel/public/.env
/laravel/vendor/phpunit/phpunit/src/Util/PHP/eval-stdin.php
/leftDao.php?callback=jQuery183016740860980352856_1604309800583
/lib/.env
/lib/.git/config
/lib/js/.git/config
/lib/phpunit/Util/PHP/eval-stdin.php
/lib/phpunit/phpunit/Util/PHP/eval-stdin.php
/lib/phpunit/phpunit/src/Util/PHP/eval-stdin.php
/lib/phpunit/src/Util/PHP/eval-stdin.php
/lib/python/.git/config
/lib/vendor/phpunit/phpunit/src/Util/PHP/eval-stdin.php
/libraries/.git/config
/libraries/legacy/updates.php
/libraries/phpmailer/updates.php
/libraries/vendor/updates.php
/library/.env
/libs/.env
/license.txt
/lindex.php
/linusadmin-phpinfo.php
/live/.git/config
/lms/db
/local.env
/local/.env
/localdb
/localhost/.env
/localstart.cfm
/localstart.pl
/localstart.shtml
/log/.git/config
/logging/.env
/login
/login.action
/login.do
/login.html
/login.php
/login.rsp
/login/.env
/login/login.html
/login;
/login;../
/login;..;
/login?redir=/ng
/logon/LogonPoint/custom.html
/logon/LogonPoint/index.html
/logs/.env
/logs/.env.local
/logs/.env.production
/logs/.env.staging
/logs/.git/config
/logs/app.log
/logs/archived/.git/config
/logs/aws/ses.log
/logs/current/.git/config
/logs/debug.log
/logs/error.log
/logs/system.log
/logs/temp/.git/config
/m.html
/m/
/m/.git/config
/m/allticker/1
/mPlayer
/mQ2bDkV4
/magento/app/etc/env.php
/magento_version
/mail/.env
/mail/.git/config
/mailchimp.env
/mailer/.env
/mailjet.env
/main.asp
/main.html
/main.js
/main.php
/main.pl
/main.shtml
/main.yml
/main/.env
/main/.git/config
/main/novo/index.php
/mall/toget/banner
/manager/.git/config
/manager/html
/manager/html/nonexist-123
/manager/text/list
/market/market-ws/iframe.html
/marketplace/.git/config
/masterControl/getSystemSetting
/maven/settings.xml
/media../.git/config
/media/.env
/media/.git/config
/melody/api/v1/pageconfig/list
/member/js/lang_zh_CN.js
/menu.asp
/menu.cfm
/menu.cgi
/menu.pl
/merchant/code
/merchant/z/payment/?order=1
/meta.json
/mfzbs/config/base
/mindex.html
/misc/.env
/misc/ajax.js
/mobile
/mobile/
/mobile/get_item_list
/mobile/index/home
/mobile/lists.html
/mobile/login.html
/mobile/v3/appSuperDownload.do
/modules/.git/config
/modules/api/.git/config
/modules/auth/.git/config
/modules/contrib/sendgrid_mail/sendgrid_mail.module
/modules/contrib/sendgrid_mail/sendgrid_mail.services.yml
/modules/contrib/sendgrid_mail/sendgrid_mail.settings.php
/modules/contrib/sendgrid_mail/translations/sendgrid_mail.fr.po
/modules/db/.git/config
/modules/utils/.git/config
/myConfig.js
/my_env/chakaash.py
/my_env/newsletter.py
/my_env/palash.py
/myadmin/.git/config
/myadmin/index.php?lang=en
/mysql-admin/index.php?lang=en
/mysql/admin/index.php?lang=en
/mysql/db/index.php?lang=en
/mysql/dbadmin/index.php?lang=en
/mysql/index.php?lang=en
/mysql/mysqlmanager/index.php?lang=en
/mysql/pMA/index.php?lang=en
/mysql/pma/index.php?lang=en
/mysql/sqlmanager/index.php?lang=en
/mysql/web/index.php?lang=en
/mysqladmin/index.php?lang=en
/mysqlmanager/index.php?lang=en
/mytest/astech_robot.js
/mytio/config/base
/n4TWwtZ4
/n5cw4Z3Y
/n6PdMqLz
/new-js/.env
/new.php
/new/.env
/new/.env.local
/new/.env.production
/new/.env.staging
/new/.git/config
/new/wp-admin/install.php
/new/wp-admin/install.php?step=1&language=en_GB
/new/wp-admin/setup-config.php?step=1&language=en_GB
/new/xmlrpc.php
/news/wp-includes/wlwmanifest.xml
/newsite/.env
/nfvX2mRq
/nginx/.env
/noVNC/.env
/node/.env_example
/node_modules/.env
/node_modules/.git/config
/nodejs-projects/play-ground/manageuserroles/.env
/nqw80
/nyyh/chkjs.js
/ocp.php
/of.php
/old-cuburn/.git/config
/old/.env
/old/.git/config
/old/wp-admin/install.php
/old/wp-admin/install.php?step=1
/old/wp-admin/install.php?step=1&language=en_GB
/old/wp-admin/setup-config.php?step=1
/old/wp-admin/setup-config.php?step=1&language=en_GB
/old/xmlrpc.php
/old_phpinfo.php
/oldsite/wp-admin/install.php
/onlinePay/abcefg.html
/open/.git/config
/opt/app/.env
/opt/aws/ses.env
/opt/aws/sns.env
/option.bin
/orientdb-client/.env
/otc/
/other/getTopQuestion
/owa/
/owa/auth/logon.aspx
/owa/auth/x.js
/owncloud/.env
/owncloud/apps/graphapi/vendor/microsoft/microsoft-graph/tests/GetPhpInfo.php
/owncloud/status.php
/p.php
/p/login/
/p3y69
/packages/.git/config
/packages/frontend/.env
/packages/web/.env
/page/
/pages
/pages/console/js/common.js
/panel/.git/config
/panel/vendor/phpunit/phpunit/src/Util/PHP/eval-stdin.php
/parameters.ini
/parameters.json
/parameters.xml
/parameters.yaml
/parameters.yml
/partner/config/config.js
/partymgr/control/main
/password.php
/patchwork/.env
/path/.env
/payments/.git/config
/pc.html
/pemerintah/.env
/phalapi/public/?s=Site.calc_down
/php-info.php
/php-my-admin/index.php?lang=en
/php-myadmin/index.php?lang=en
/php.ini
/php.php
/php/.git/config
/php1.php
/php52/phpinfo.php
/phpMyAdmin
/phpMyAdmin-3/index.php?lang=en
/phpMyAdmin-4.9.10-all-languages/index.php?lang=en
/phpMyAdmin-4.9.7/index.php?lang=en
/phpMyAdmin-4/index.php?lang=en
/phpMyAdmin-5.1.0/index.php?lang=en
/phpMyAdmin-5.1.1/index.php?lang=en
/phpMyAdmin-5.1.2/index.php?lang=en
/phpMyAdmin-5.1.3/index.php?lang=en
/phpMyAdmin-5.2.0-all-languages/index.php?lang=en
/phpMyAdmin-5.2.0/index.php?lang=en
/phpMyAdmin-5.2.1-all-languages/index.php?lang=en
/phpMyAdmin-5.2.1-english/index.php?lang=en
/phpMyAdmin-5.2.1/index.php?lang=en
/phpMyAdmin-5.2/index.php?lang=en
/phpMyAdmin-5/index.php?lang=en
/phpMyAdmin-latest-all-languages/index.php?lang=en
/phpMyAdmin-latest-english/index.php?lang=en
/phpMyAdmin-latest/index.php?lang=en
/phpMyAdmin/index.php?lang=en
/phpMyAdmin1/index.php?lang=en
/phpMyAdmin2/index.php?lang=en
/phpMyAdmin3/index.php?lang=en
/phpMyAdmin4/index.php?lang=en
/phpMyAdmin5.1/index.php?lang=en
/phpMyAdmin5.2/index.php?lang=en
/phpMyAdmin5/index.php?lang=en
/phpMyAdmin6.0/index.php?lang=en
/phpMyAdmin6/index.php?lang=en
/phpMyAdmin_/index.php?lang=en
/phpMyadmin/index.php?lang=en
/php_info.php
/phpbb/phpinfo.php
/phpcustom_info/phpinfo.php
/phpinfo
/phpinfo.html
/phpinfo.php
/phpinfo.php----
/phpinfo.php4
/phpinfo.txt
/phpinfo/
/phpinfo/config.php
/phpinfo/info.php
/phpinfo/phpinfo.php
/phpinfo1.php
/phpinfo2.php
/phpinfo3.php
/phpinfo4.php
/phpinfo_php_ogr.php
/phpinfodev.php
/phpinfoposmeta.php
/phpinfos.php
/phpinfos/
/phpmy-admin/index.php?lang=en
/phpmy/index.php?lang=en
/phpmyAdmin/index.php?lang=en
/phpmyadmin
/phpmyadmin/index.php?lang=en
/phpmyadmin1/index.php?lang=en
/phpmyadmin2/index.php?lang=en
/phpmyadmin2017/index.php?lang=en
/phpmyadmin2018/index.php?lang=en
/phpmyadmin2019/index.php?lang=en
/phpmyadmin2020/index.php?lang=en
/phpmyadmin2021/index.php?lang=en
/phpmyadmin2022/index.php?lang=en
/phpmyadmin3/index.php?lang=en
/phpmyadmin4/index.php?lang=en
/phpmyadmin5/index.php?lang=en
/phpmyadmin6/index.php?lang=en
/phpmyadmin_/index.php?lang=en
/phppma/index.php?lang=en
/phpsysinfo
/phpsysinfo.php
/phpsysinfo/info.php
/phpsysinfo/phpinfo.php
/phpsysinfo/phpsysinfo.php
/phptest.php
/phpunit/Util/PHP/eval-stdin.php
/phpunit/phpunit/Util/PHP/eval-stdin.php
/phpunit/phpunit/src/Util/PHP/eval-stdin.php
/phpunit/src/Util/PHP/eval-stdin.php
/phpversion.php
/pinfo.php
/platform
/platform/.env
/plugins/.git/config
/pma/index.php?lang=en
/pools
/pools/default/buckets
/portal
/portal/
/portal/.env
/portal/index/protocol.html
/portal/redlion
/portal1/.env
/portal2/.env
/post-deployment/.vscode/.env
/postfixadmin/.env
/ppinfo.php
/prVdNCXD
/price_hawk_client/.env
/prisma/.env
/private/.env
/private/.git/config
/private/sendgrid.json
/private/sendgrid_config
/private/sendgrid_keys
/private/sendgrid_keys.json
/proc/.env
/processor/.env
/procoin/config/all.do
/prod/.env
/prod/.git/config
/prod/config/.git/config
/production/.env
/production/.git/config
/products/.env
/program/index.php?lang=en
/projbackend/.env
/project/.env
/project/.git/config
/project/backend/.git/config
/project/frontend/.git/config
/project_root/.env
/protected/config/main.php.1
/protected/config/main.php.save
/protected/config/main.php.tmp
/protected/config/main.php.txt
/psnlink/.env
/pt
/pt2/countries/src/.env
/pt8/library-backend-gql/.env
/pt?pwd=novobanco
/pub/.env
/public/.env
/public/.git/config
/public/api/index/config
/public/assets/js/lib/my-help.js
/public/h5static/js/main.js
/public/index.php?s=/index/\x5Cthink\x5Capp/invokefunction&function=call_user_func_array&vars[0]=md5&vars[1][]=Hello
/public/js/global.js
/public/js/main.js
/public/phpinfo.php
/public/static/home/js/moblie/login.js
/public/vendor/phpunit/phpunit/src/Util/PHP/eval-stdin.php
/public/wap/js/basis.js
/public_html/.env
/public_html/.git/config
/public_root/.env
/pulumi/config.yaml
/pulumi/secrets.json
/q1gpDhK4
/qJYNKtCd
/qa/.git/config
/qs/
/query
/query?name=example.com&type=A
/query?q=SHOW+DIAGNOSTICS
/question2/.env
/qv-frontend/.env
/rF8m
/rabbitmq-cluster/.env
/rails-api/react-app/.env
/rasax/.env
/react_todo/.env
/redmine/.env
/registerSW.js
/registration/.env
/release/.git/config
/releases/.git/config
/remote/login
/remote/logincheck
/repeater.php
/repo/.env
/repo/.git/config
/repos/.env
/repos/.git/config
/repository/.env
/repository/.git/config
/resolve
/resolve?name=example.com&type=A
/resource/home/js/common.js
/resources/.env
/resources/docker/.env
/resources/docker/mysql/.env
/resources/docker/phpmyadmin/.env
/resources/docker/rabbitmq/.env
/resources/docker/rediscommander/.env
/resources/main/common.js
/resourcesync/.env
/rest.php
/rest/.env
/rest/applinks/1.0/manifest
/restapi/.env
/restore.php?lang=en
/restricted/.git/config
/results/.env
/revi/stream.m3u8
/robomongo.json
/robots.txt
/robots/.env
/room/getRoomBangFans
/root/.aws/config
/root/.aws/credentials
/root/.env
/root/.fetchmailrc
/root/.forward
/root/.git/config
/root/.mailrc
/root/.msmtprc
/root/.muttrc
/root/.procmailrc
/rosterBack/.env
/roundcube/.env
/roundcubemail/.env
/routes/.env
/run/.env
/runtime/.git/config
/rust-backend/.env
/rust-backend/dao/.env
/s
/s-with-me-front/.env
/s/631323e24393e2730323e27363/_/;/META-INF/maven/com.atlassian.jira/jira-webapp-dist/pom.properties
/s3.js
/s3/.git/config
/s3cmd.ini
/sFRWyHsz
/sKmcMfjD
/s_api/basic/download/info
/saas/.env
/saconfig/secure/yunwei.js
/salt/pillar/aws.sls
/salt/pillar/aws_keys.sls
/sam-local.toml
/samconfig.toml
/sample.env
/samples/.git/config
/samples/chatroom/chatroom-spa/.env
/samples/docker/deploymentscripts/.env
/sandbox/.git/config
/sapi/debug/default/view
/saved/.git/config
/sberbank-quiz-4
/sberbank-quiz-v2/
/sberchat008-prilca/
/sbr
/scm/.git/config
/script/.env
/scripts/.env
/scripts/.git/config
/scripts/WPnBr.dll
/scripts/aws_ses.sh
/scripts/aws_sns.sh
/scripts/dev/.git/config
/scripts/fvt/.env
/scripts/nodemailer.js
/sdk
/secret.key
/secret/aws_ses.env
/secret/aws_sns.env
/secrets.dev.json
/secrets.development.json
/secrets.env
/secrets.json
/secrets.prod.json
/secrets.production.json
/secrets.staging.json
/secrets.yml
/secrets/.git/config
/secrets/aws_ses.env
/secrets/aws_sns.env
/secrets/sendgrid.json
/secrets/sendgrid_config
/secrets/sendgrid_keys
/secrets/sendgrid_keys.json
/secure/.git/config
/secured/phpinfo.php
/security.txt
/security/.env
/security/.git/config
/selfish-darling-backend/.env
/sellers.json
/sendgrid.env
/sendgrid.json
/sendgrid/.env
/sendgrid_email/.env
/sendgrid_keys
/sendgrid_keys.js
/sendgrid_keys.json
/sendgrid_keys.py
/sendgrid_keys.txt
/serve-browserbench/.env
/server
/server-info
/server-info.php
/server-status
/server.js
/server.key
/server/.env
/server/.git/config
/server/backup/.git/config
/server/config/.env
/server/config/connection.php.txt
/server/config/database.js
/server/laravel/.env
/server/s3.js
/server/src/persistence/.env
/server_info.php
/serverless.env.yml
/serverless.yml
/service/email_service.py
/service/info.php
/services/adminer/.env
/services/deployment-agent/.env
/services/documents/.env
/services/graylog/.env
/services/jaeger/.env
/services/minio/.env
/services/monitoring/.env
/services/portainer/.env
/services/redis-commander/.env
/services/registry/.env
/services/simcore/.env
/services/traefik/.env
/sessions/.env
/setting/global
/settings.py
/settings/.env
/settings/sendgrid_config
/settings/sendgrid_keys
/sftp-config.json
/shared/.env
/shared/config/config.js
/shibboleth/.env
/shop/.env
/shop/.git/config
/shop/wp-admin/install.php
/shop/wp-admin/install.php?step=1&language=en_GB
/shop/wp-admin/setup-config.php?step=1&language=en_GB
/shop/wp-includes/wlwmanifest.xml
/shopdb/index.php?lang=en
/showLogin.cc
/site-library/.env
/site.js
/site/.env
/site/.git/config
/site/api/v1/site/vipExclusiveDomain/getGuestDomain
/site/info
/site/login
/site/wp-admin/install.php
/site/wp-includes/wlwmanifest.xml
/sitecore/shell/sitecore.version.xml
/sitemap.xml
/sitemaps/.env
/sites/.env
/sitestatic/.env
/sito/wp-includes/wlwmanifest.xml
/skin/js/common.js
/skin/main/onload.js
/sms.py
/smtp.json
/snapshot/.git/config
/socketio/.env
/solr/
/solr/admin/cores?action=STATUS&wt=json
/solr/admin/info/system
/solr/admin/info/system?wt=json
/source/.git/config
/source/20220119/static/wap/js/order.js
/sources/.env
/spearmint/.env
/spikes/config-material-app/.env
/sql/.git/config
/sql/myadmin/index.php?lang=en
/sql/php-myadmin/index.php?lang=en
/sql/phpMyAdmin/index.php?lang=en
/sql/phpMyAdmin2/index.php?lang=en
/sql/phpmanager/index.php?lang=en
/sql/phpmy-admin/index.php?lang=en
/sql/phpmyadmin3/index.php?lang=en
/sql/phpmyadmin4/index.php?lang=en
/sql/phpmyadmin5/index.php?lang=en
/sql/sql-admin/index.php?lang=en
/sql/sql/index.php?lang=en
/sql/sqladmin/index.php?lang=en
/sql/sqlweb/index.php?lang=en
/sql/webadmin/index.php?lang=en
/sql/webdb/index.php?lang=en
/sql/websql/index.php?lang=en
/sqlmanager/index.php?lang=en
/src/.env
/src/.env.local
/src/.env.production
/src/.env.staging
/src/.git/config
/src/client/mobile/.env
/src/main/front-end/.env
/src/tests/fixtures/instanceWithDependentSteps/.env
/src/tests/fixtures/typeScriptIntegrationProject/.env
/src/tests/fixtures/typeScriptProject/.env
/src/tests/fixtures/typeScriptVisualizeProject/.env
/src/tests/fixtures/typeScriptVisualizeProject/.env/_profiler/phpinfo
/srv/app/.env
/ssh-config.json
/sslvpnLogin.html
/st/.env
/stag/.env
/stage/.env
/staging/.env
/staging/.git/config
/staging_area/.git/config
/staging_environment/.git/config
/stalker_portal/server/tools/auth_simple.php
/start.asp
/start.aspx
/start.cfm
/start.cgi
/start.jhtml
/start.php
/static../.git/config
/static/.git/config
/static/admin/javascript/hetong.js
/static/admincp/js/common.js
/static/common/js/common.js
/static/content/.git/config
/static/customer/js/xiaotian.cli.v2.js
/static/data/configjs.js
/static/data/thirdgames.json
/static/diff_worker.js
/static/files/.git/config
/static/historypage.js
/static/home/js/rooms.js
/static/index/js/common.js
/static/index/js/lk/order.js
/static/js/2.ca066a4b.chunk.js
/static/js/chat-config.js
/static/js/common.js
/static/js/download.js
/static/js/index.C2riMQ4N.js
/static/js/main.141b0494.js
/static/js/main.e85f7a37.js
/static/js/script.js
/static/js/user.js
/static/mobile/user.html
/static/voice/default.wav
/static/wap/js/common.js
/static/wap/js/order.js
/status
/status.php
/steal-data
/step1.asp
/steps/index.php
/storage/.env
/storage/.git/config
/storage/app/.env
/storage/aws_ses.env
/storage/aws_sns.env
/storage/logs/laravel.log
/storage/oauth-private.key
/storage/oauth-public.key
/storage/sendgrid.json
/store/.git/config
/storinghere.txt
/storinghere100x.txt
/structure/.git/config
/stylesheets/.env
/subdomains/.git/config
/sugar_version.json
/superadmin/.git/config
/support/.git/config
/swagger.js
/swagger.json
/symfony.lock
/symfony/_profiler/phpinfo
/symfony/public/_profiler/phpinfo
/syn/
/sys/.git/config
/system-config/.env
/system/.env
/system/.git/config
/systembc/password.php
/t4
/telescope/requests
/temp.php
/temp/.git/config
/template/mb/lang/text-zh.json
/templates/.env
/templates/.git/config
/teorema505?t=1
/terraform.tfvars
/terraform/backend.tfvars
/test
/test.php
/test/.env
/test/.git/config
/test/config.env
/test/vendor/phpunit/phpunit/src/Util/PHP/eval-stdin.php
/test/wp-admin/install.php
/test/wp-admin/install.php?step=1&language=en_GB
/test/wp-admin/setup-config.php?step=1&language=en_GB
/test/wp-includes/wlwmanifest.xml
/test0.php
/test1.php
/test123.php
/test2.php
/test3.php
/test4.php
/test5.php
/test6.php
/test7.php
/test8.php
/test9.php
/test_configs/.git/config
/test_environment/.git/config
/test_info.php
/test_info1.php
/test_info2.php
/test_info3.php
/test_info4.php
/test_info5.php
/test_phpinfo.php
/test_phpinfo1.php
/test_phpinfo2.php
/test_phpinfo3.php
/test_phpinfo4.php
/test_phpinfo5.php
/testdb
/tester.php
/testing.php
/testing/vendor/phpunit/phpunit/src/Util/PHP/eval-stdin.php
/tests/.git/config
/tests/vendor/phpunit/phpunit/src/Util/PHP/eval-stdin.php
/time.php
/tink_chat/
/tmp/.env
/tmp/.env.local
/tmp/.env.production
/tmp/.env.staging
/tmp/.git/config
/token.php
/tool/phpinfo.php
/tool/view/phpinfo.view.php
/tools/.git/config
/travis/aws-config.travis.yml
/twilio.env
/twilio/.env
/tz.php
/ui/.git/config
/unSecurity/app/config
/up.php
/updates.php
/upl.php
/upload/.env
/uploads/.env
/uploads/.git/config
/user
/user-config.json
/user/.git/config
/user/config/config.js
/user/controllers/index.js
/user/reg.php
/user_area/.git/config
/user_backend/.git/config
/user_panel/.git/config
/user_secrets.yml
/users/.git/config
/usr/local/etc/exim4/exim4.conf
/usr/local/etc/mail.rc
/usr/local/etc/mailname
/usr/local/etc/msmtp/config
/usr/local/etc/postfix/main.cf
/usr/local/etc/postfix/master.cf
/usr/local/etc/ssmtp/ssmtp.conf
/usr/local/spool/mail/mail
/usr/local/spool/mail/root
/util/.git/config
/v0Bt
/v1/.env
/v1/.git/config
/v1/agent/service/register
/v2
/v2/.env
/v2/.git/config
/v2/_catalog
/v3/.git/config
/vNyFhhL5
/var/.env
/var/.env.local
/var/.env.production
/var/.env.staging
/var/aws/ses.env
/var/aws/sns.env
/var/lib/aws/ses.env
/var/lib/aws/sns.env
/var/log/exim4/mainlog
/var/log/exim4/paniclog
/var/log/exim4/rejectlog
/var/log/mail.err
/var/log/mail.log
/var/logs/dev.log
/var/logs/prod.log
/var/www/.env
/var/www/aws-ses.env
/var/www/aws-sns.env
/var/www/html/.env
/vault/config.hcl
/vendor/.env
/vendor/.git/config
/vendor/autoload.php
/vendor/composer/installed.json
/vendor/phpunit/Util/PHP/eval-stdin.php
/vendor/phpunit/phpunit/LICENSE/eval-stdin.php
/vendor/phpunit/phpunit/Util/PHP/eval-stdin.php
/vendor/phpunit/phpunit/phpunit.xml
/vendor/phpunit/phpunit/src/Util/PHP/eval-stdin.php
/vendor/phpunit/src/Util/PHP/eval-stdin.php
/vendor/vendor/phpunit/phpunit/src/Util/PHP/eval-stdin.php
/vendor/webmozart/assert/.composer-auth.json
/verification.asp
/versa/login
/version
/version.php
/versions/.git/config
/view-source:
/views/commData/commonSite.js
/vip/
/vpnsvc/connect.cgi
/wap
/wap/
/wap/api/exchangerateuserconfig!get.action
/wap/forward
/wconnect/.env
/web-dist/.env
/web.config
/web.json
/web.php]
/web/.env
/web/.env\x1A
/web/.git/config
/web/debug/default/view
/web/wp-admin/install.php
/web/wp-includes/wlwmanifest.xml
/webapp/.git/config
/webclient/
/webfig/
/website/.env
/website/wp-includes/wlwmanifest.xml
/websocket/.env
/webstatic/.env
/webui
/webui/
/whoops
/whoops-there-was-an-error
/whoops/index
/wiki/.git/config
/wordpress/wp-admin/install.php
/wordpress/wp-admin/install.php?step=1
/wordpress/wp-admin/install.php?step=1&language=en_GB
/wordpress/wp-admin/setup-config.php
/wordpress/wp-admin/setup-config.php?step=1
/wordpress/wp-admin/setup-config.php?step=1&language=en_GB
/wordpress/wp-includes/wlwmanifest.xml
/wordpress/xmlrpc.php
/workspace/drupal/vendor/phpunit/phpunit/src/Util/PHP/eval-stdin.php
/wp-admin/ajax-actions.php
/wp-admin/cloud.php
/wp-admin/css/
/wp-admin/css/about.php
/wp-admin/css/colors/blue/cloud.php
/wp-admin/css/colors/cloud.php
/wp-admin/css/colors/coffee/cloud.php
/wp-admin/css/colors/index.php
/wp-admin/css/index.php
/wp-admin/dropdown.php
/wp-admin/includes/about.php
/wp-admin/includes/cloud.php
/wp-admin/install.php
/wp-admin/install.php?step=1
/wp-admin/install.php?step=1&language=en_GB
/wp-admin/js/about.php
/wp-admin/js/widgets/about.php7
/wp-admin/js/widgets/cloud.php
/wp-admin/maint/maint/ajax-actions.php
/wp-admin/network/cloud.php
/wp-admin/repeater.php
/wp-admin/sendgrid_keys.json
/wp-admin/setup-config.php
/wp-admin/setup-config.php?step=1
/wp-admin/setup-config.php?step=1&language=en_GB
/wp-admin/user/cloud.php
/wp-config
/wp-config.bak
/wp-config.old
/wp-config.php
/wp-config.php.bak
/wp-config.txt
/wp-consar.php
/wp-content/.env
/wp-content/.git/config
/wp-content/about.php
/wp-content/aws-config.json
/wp-content/backup/sendgrid_keys.json
/wp-content/banners/about.php
/wp-content/blogs.dir/about.php
/wp-content/gallery/about.php
/wp-content/languages/about.php
/wp-content/plugins/.git/config
/wp-content/plugins/Cache/Cache.php
/wp-content/plugins/awesome-coming-soon/come.php
/wp-content/plugins/not/includes/about.php
/wp-content/plugins/plugin-name/aws-credentials.json
/wp-content/plugins/portable-phpmyadmin/wp-pma-mod/index.php?lang=en
/wp-content/plugins/sendgrid_keys.json
/wp-content/plugins/seoo/wsoyanz.php
/wp-content/plugins/seoo/wsoyanz1.php
/wp-content/plugins/simple/simple.php
/wp-content/plugins/wp-conflg.php
/wp-content/plugins/wp-theme-editor/include.php
/wp-content/repeater.php
/wp-content/sendgrid_keys.json
/wp-content/themes/.git/config
/wp-content/themes/aahana/json.php
/wp-content/themes/about.php
/wp-content/themes/holding_pattern/admin/options-tab-sample.txt
/wp-content/themes/photocrati-theme-v4/admin/scripts/scripts-update.php
/wp-content/themes/photocrati/admin/scripts/scripts-update.php
/wp-content/themes/sendgrid_keys.json
/wp-content/themes/theagency/includes/uploadify/upload.php
/wp-content/themes/theme-name/aws-config.php
/wp-content/updates.php
/wp-content/updraft/about.php
/wp-content/upgrade-temp-backup/about.php
/wp-content/uploads/aws-s3-config.json
/wp-content/uploads/sendgrid_keys.json
/wp-content/uploads/wp-mail-smtp/sendgrid_keys.json
/wp-includes.bak/html-api/about.php
/wp-includes/ID3/about.php
/wp-includes/ID3/license.txt
/wp-includes/IXR/about.php
/wp-includes/Requests/Text/admin.php
/wp-includes/Requests/about.php
/wp-includes/SimplePie/about.php
/wp-includes/Text/about.php
/wp-includes/about.php
/wp-includes/block-patterns/about.php
/wp-includes/blocks/about.php
/wp-includes/customize/about.php
/wp-includes/id3/license.txt/2019/wp-includes/wlwmanifest.xml
/wp-includes/id3/license.txt/2020/wp-includes/wlwmanifest.xml
/wp-includes/id3/license.txt/2021/wp-includes/wlwmanifest.xml
/wp-includes/id3/license.txt/blog/wp-includes/wlwmanifest.xml
/wp-includes/id3/license.txt/cms/wp-includes/wlwmanifest.xml
/wp-includes/id3/license.txt/feed/
/wp-includes/id3/license.txt/shop/wp-includes/wlwmanifest.xml
/wp-includes/id3/license.txt/site/wp-includes/wlwmanifest.xml
/wp-includes/id3/license.txt/test/wp-includes/wlwmanifest.xml
/wp-includes/id3/license.txt/web/wp-includes/wlwmanifest.xml
/wp-includes/id3/license.txt/wordpress/wp-includes/wlwmanifest.xml
/wp-includes/id3/license.txt/wp/wp-includes/wlwmanifest.xml
/wp-includes/id3/license.txt/wp1/wp-includes/wlwmanifest.xml
/wp-includes/id3/license.txt/xmlrpc.php?rsd
/wp-includes/js/.git/config
/wp-includes/pomo/about.php
/wp-includes/repeater.php
/wp-includes/rest-api/about.php
/wp-includes/sendgrid_keys.json
/wp-includes/style-engine/about.php
/wp-includes/widgets/about.php
/wp-includes/wlwmanifest.xml
/wp-json
/wp-login.php
/wp-p.php7
/wp/wp-admin/install.php
/wp/wp-admin/install.php?step=1
/wp/wp-admin/install.php?step=1&language=en_GB
/wp/wp-admin/setup-config.php?step=1
/wp/wp-admin/setup-config.php?step=1&language=en_GB
/wp/wp-includes/wlwmanifest.xml
/wp/xmlrpc.php
/wp1/wp-includes/wlwmanifest.xml
/wp2/wp-includes/wlwmanifest.xml
/ws-config.json
/ws.php7
/ws/ec/vendor/phpunit/phpunit/src/Util/PHP/eval-stdin.php
/ws/vendor/phpunit/phpunit/src/Util/PHP/eval-stdin.php
/wsman
/wsoyanz.php
/www/.env
/www/.git/config
/www/vendor/phpunit/phpunit/src/Util/PHP/eval-stdin.php
/xampp/.env
/xampp/phpinfo.php
/xml/info.xml
/xmldata?item=all
/xmlrpc.php
/xmlrpc.php?rsd
/xray/config.json
/xv2qwZ3s
/xy/
/yZdx79
/yanz.php
/yii/vendor/phpunit/phpunit/src/Util/PHP/eval-stdin.php
/yongxing/
/zMmL28CN
/zabbix/favicon.ico
/zend/vendor/phpunit/phpunit/src/Util/PHP/eval-stdin.php
/zk/index.html
/zxDLJZ
403.php
_profiler/phpinfo
etc/gitconfig
post-deployment/.vscode/.env
